../Core/Src/ad7606.c:143:13:_HardwareReset	8	static
../Core/Src/ad7606.c:164:13:_LaunchSPIRound	24	static
../Core/Src/ad7606.c:211:13:_CopyDMABuffers	24	static
../Core/Src/ad7606.c:231:13:_BuildFramePacket	24	static
../Core/Src/ad7606.c:251:13:_BuildBatchPacket	16	static
../Core/Src/ad7606.c:278:6:AD7606_Init	24	static
../Core/Src/ad7606.c:317:6:AD7606_Start	8	static
../Core/Src/ad7606.c:325:6:AD7606_Stop	8	static,ignoring_inline_asm
../Core/Src/ad7606.c:348:9:AD7606_IsBatchReady	4	static
../Core/Src/ad7606.c:351:6:AD7606_GetBatch	24	static,ignoring_inline_asm
../Core/Src/ad7606.c:365:14:AD7606_GetState	4	static
../Core/Src/ad7606.c:366:14:AD7606_GetDroppedBatches	4	static
../Core/Src/ad7606.c:367:14:AD7606_GetFrameCount	4	static
../Core/Src/ad7606.c:368:14:AD7606_GetOverruns	4	static
../Core/Src/ad7606.c:369:14:AD7606_GetYDrops	4	static
../Core/Src/ad7606.c:370:14:AD7606_GetSPIErrors	4	static
../Core/Src/ad7606.c:372:9:AD7606_RawToMillivolts	16	static
../Core/Src/ad7606.c:382:6:AD7606_OnSPIError	4	static
../Core/Src/ad7606.c:403:6:AD7606_TriggerConversion	8	static,ignoring_inline_asm
../Core/Src/ad7606.c:441:6:AD7606_OnBusyFallingEdge	8	static
../Core/Src/ad7606.c:499:6:AD7606_OnSPIComplete	24	static,ignoring_inline_asm
