../Core/Src/stm32f4xx_it.c:96:6:NMI_Handler	4	static
../Core/Src/stm32f4xx_it.c:111:6:HardFault_Handler	4	static
../Core/Src/stm32f4xx_it.c:126:6:MemManage_Handler	4	static
../Core/Src/stm32f4xx_it.c:141:6:BusFault_Handler	4	static
../Core/Src/stm32f4xx_it.c:156:6:UsageFault_Handler	4	static
../Core/Src/stm32f4xx_it.c:171:6:SVC_Handler	4	static
../Core/Src/stm32f4xx_it.c:184:6:DebugMon_Handler	4	static
../Core/Src/stm32f4xx_it.c:197:6:PendSV_Handler	4	static
../Core/Src/stm32f4xx_it.c:210:6:SysTick_Handler	8	static
../Core/Src/stm32f4xx_it.c:229:6:DMA1_Stream0_IRQHandler	8	static
../Core/Src/stm32f4xx_it.c:241:6:DMA1_Stream3_IRQHandler	8	static
../Core/Src/stm32f4xx_it.c:253:6:DMA2_Stream3_IRQHandler	8	static
../Core/Src/stm32f4xx_it.c:265:6:TIM2_IRQHandler	8	static
../Core/Src/stm32f4xx_it.c:277:6:EXTI1_IRQHandler	8	static
../Core/Src/stm32f4xx_it.c:289:6:HAL_TIM_PeriodElapsedCallback	16	static
../Core/Src/stm32f4xx_it.c:296:6:HAL_GPIO_EXTI_Callback	16	static
../Core/Src/stm32f4xx_it.c:303:6:HAL_SPI_RxCpltCallback	16	static
../Core/Src/stm32f4xx_it.c:309:6:HAL_SPI_TxCpltCallback	16	static
../Core/Src/stm32f4xx_it.c:316:6:HAL_SPI_ErrorCallback	16	static
