../Core/Src/wiz5500.c:81:16:_cs_sel	8	static
../Core/Src/wiz5500.c:82:16:_cs_dsel	8	static
../Core/Src/wiz5500.c:83:16:_wb	16	static
../Core/Src/wiz5500.c:84:16:_rb	16	static
../Core/Src/wiz5500.c:85:16:_wburst	16	static
../Core/Src/wiz5500.c:86:16:_rburst	16	static
../Core/Src/wiz5500.c:87:16:_ci	4	static,ignoring_inline_asm
../Core/Src/wiz5500.c:88:16:_ce	4	static,ignoring_inline_asm
../Core/Src/wiz5500.c:90:13:_wizchip_init	8	static
../Core/Src/wiz5500.c:99:13:_hw_reset	8	static
../Core/Src/wiz5500.c:106:13:_net_config	8	static
../Core/Src/wiz5500.c:114:20:_write_tx_wr	16	static
../Core/Src/wiz5500.c:129:20:_wait_sendok	16	static
../Core/Src/wiz5500.c:152:6:WIZ5500_Init	24	static
../Core/Src/wiz5500.c:165:16:WIZ5500_SetupSocket0	32	static
../Core/Src/wiz5500.c:186:16:WIZ5500_SendBatch	24	static
../Core/Src/wiz5500.c:232:6:WIZ5500_OnDMATxComplete	8	static
../Core/Src/wiz5500.c:248:10:WIZ5500_GetDroppedPackets	4	static
../Core/Src/wiz5500.c:249:10:WIZ5500_IsTxBusy	4	static
